// Jest Snapshot v1, https://goo.gl/fbAQLP

exports[`<CapColorPicker /> CapColorPicker renders correctly 1`] = `
<div
  className="cap-colorpicker-v2 cap-slider-v2"
>
  <Component
    color="#d42020"
    onChange={[Function]}
  />
</div>
`;
