// Jest Snapshot v1, https://goo.gl/fbAQLP

exports[`<CapTab /> CapTab renders correctly 1`] = `
<div>
  <div />
</div>
`;
