// Jest Snapshot v1, https://goo.gl/fbAQLP

exports[`<CapRow /> CapRow renders correctly 1`] = `
<div
  className="ant-row cap-row-v2"
/>
`;
