// Jest Snapshot v1, https://goo.gl/fbAQLP

exports[`<CapError /> CapLabel renders correctly 1`] = `
<div
  className="sc-bdVaJa cnvnJd"
  type="error"
/>
`;
