// Jest Snapshot v1, https://goo.gl/fbAQLP

exports[`<CapSelect /> render capSelect 1`] = `
ShallowWrapper {
  Symbol(enzyme.__root__): [Circular],
  Symbol(enzyme.__unrendered__): <CapCustomSelect
    onChange={[MockFunction]}
    options={
      Array [
        Object {
          "label": "Purples",
          "value": "purples",
        },
        Object {
          "label": "Buckle",
          "value": "buckle",
        },
        Object {
          "label": "Ski",
          "value": "ski",
        },
        Object {
          "label": "Splash",
          "value": "splash",
        },
        Object {
          "label": "Metro",
          "value": "metro",
        },
      ]
    }
    searchPlaceholder="Search"
    selectPlaceholder="Select organizations"
    showSearch={true}
    value="Ski"
    width="250px"
  />,
  Symbol(enzyme.__renderer__): Object {
    "batchedUpdates": [Function],
    "checkPropTypes": [Function],
    "getNode": [Function],
    "render": [Function],
    "simulateError": [Function],
    "simulateEvent": [Function],
    "unmount": [Function],
  },
  Symbol(enzyme.__node__): Object {
    "instance": null,
    "key": undefined,
    "nodeType": "class",
    "props": Object {
      "children": <div
        className="cap-custom-select-selection"
        style={
          Object {
            "width": "250px",
          }
        }
      >
        <div
          className="cap-custom-select-selected-value"
        >
          <ForwardRef
            title=""
            type="h5"
          >
            Select organizations
          </ForwardRef>
        </div>
        <CapIcon
          className="cap-custom-select-arrow"
          type="chevron-down"
        />
      </div>,
      "content": <React.Fragment>
        <Component
          className="cap-custom-select-search"
          onChange={[Function]}
          onClear={[Function]}
          placeholder="Search"
          value=""
        />
        <div
          className="cap-custom-select-items-wrapper"
        >
          <ForwardRef
            className="cap-custom-select-select-item"
            onClick={[Function]}
            type="h6"
          >
            Purples
          </ForwardRef>
          <ForwardRef
            className="cap-custom-select-select-item"
            onClick={[Function]}
            type="h6"
          >
            Buckle
          </ForwardRef>
          <ForwardRef
            className="cap-custom-select-select-item"
            onClick={[Function]}
            type="h6"
          >
            Ski
          </ForwardRef>
          <ForwardRef
            className="cap-custom-select-select-item"
            onClick={[Function]}
            type="h6"
          >
            Splash
          </ForwardRef>
          <ForwardRef
            className="cap-custom-select-select-item"
            onClick={[Function]}
            type="h6"
          >
            Metro
          </ForwardRef>
        </div>
      </React.Fragment>,
      "getPopupContainer": [Function],
      "mouseEnterDelay": 0.1,
      "mouseLeaveDelay": 0.1,
      "onVisibleChange": [Function],
      "overlayClassName": "cap-custom-select-popover",
      "overlayStyle": Object {
        "width": "100%",
      },
      "placement": "bottomLeft",
      "transitionName": "zoom-big",
      "trigger": "click",
      "visible": false,
    },
    "ref": null,
    "rendered": Object {
      "instance": null,
      "key": undefined,
      "nodeType": "host",
      "props": Object {
        "children": Array [
          <div
            className="cap-custom-select-selected-value"
          >
            <ForwardRef
              title=""
              type="h5"
            >
              Select organizations
            </ForwardRef>
          </div>,
          <CapIcon
            className="cap-custom-select-arrow"
            type="chevron-down"
          />,
        ],
        "className": "cap-custom-select-selection",
        "style": Object {
          "width": "250px",
        },
      },
      "ref": [Function],
      "rendered": Array [
        Object {
          "instance": null,
          "key": undefined,
          "nodeType": "host",
          "props": Object {
            "children": <ForwardRef
              title=""
              type="h5"
            >
              Select organizations
            </ForwardRef>,
            "className": "cap-custom-select-selected-value",
          },
          "ref": null,
          "rendered": Object {
            "instance": null,
            "key": undefined,
            "nodeType": "function",
            "props": Object {
              "children": "Select organizations",
              "title": "",
              "type": "h5",
            },
            "ref": null,
            "rendered": "Select organizations",
            "type": Object {
              "$$typeof": Symbol(react.forward_ref),
              "CapHeadingSpan": Object {
                "$$typeof": Symbol(react.forward_ref),
                "attrs": Array [],
                "componentStyle": ComponentStyle {
                  "componentId": "sc-bwzfXH",
                  "isStatic": false,
                  "rules": Array [
                    "
font-size: ",
                    [Function],
                    ";
font-weight: ",
                    [Function],
                    ";
color: ",
                    [Function],
                    ";
",
                  ],
                },
                "displayName": "styled.span",
                "foldedComponentIds": Array [],
                "render": [Function],
                "styledComponentId": "sc-bwzfXH",
                "target": "span",
                "toString": [Function],
                "warnTooManyClasses": [Function],
                "withComponent": [Function],
              },
              "attrs": Array [],
              "componentStyle": ComponentStyle {
                "componentId": "sc-VigVT",
                "isStatic": false,
                "rules": Array [
                  "
    font-size: ",
                  [Function],
                  ";
    font-weight: ",
                  [Function],
                  ";
    color: ",
                  [Function],
                  ";
    line-height: ",
                  [Function],
                  ";
    ",
                  "
    overflow: hidden;
    text-overflow: ellipsis;
    white-space: nowrap;
",
                ],
              },
              "defaultProps": Object {
                "type": "h5",
              },
              "displayName": "Styled(styled.div)",
              "foldedComponentIds": Array [
                "sc-bdVaJa",
              ],
              "propTypes": Object {
                "children": [Function],
                "type": [Function],
              },
              "render": [Function],
              "styledComponentId": "sc-VigVT",
              "target": "div",
              "toString": [Function],
              "warnTooManyClasses": [Function],
              "withComponent": [Function],
            },
          },
          "type": "div",
        },
        Object {
          "instance": null,
          "key": undefined,
          "nodeType": "function",
          "props": Object {
            "className": "cap-custom-select-arrow",
            "type": "chevron-down",
          },
          "ref": null,
          "rendered": null,
          "type": [Function],
        },
      ],
      "type": "div",
    },
    "type": [Function],
  },
  Symbol(enzyme.__nodes__): Array [
    Object {
      "instance": null,
      "key": undefined,
      "nodeType": "class",
      "props": Object {
        "children": <div
          className="cap-custom-select-selection"
          style={
            Object {
              "width": "250px",
            }
          }
        >
          <div
            className="cap-custom-select-selected-value"
          >
            <ForwardRef
              title=""
              type="h5"
            >
              Select organizations
            </ForwardRef>
          </div>
          <CapIcon
            className="cap-custom-select-arrow"
            type="chevron-down"
          />
        </div>,
        "content": <React.Fragment>
          <Component
            className="cap-custom-select-search"
            onChange={[Function]}
            onClear={[Function]}
            placeholder="Search"
            value=""
          />
          <div
            className="cap-custom-select-items-wrapper"
          >
            <ForwardRef
              className="cap-custom-select-select-item"
              onClick={[Function]}
              type="h6"
            >
              Purples
            </ForwardRef>
            <ForwardRef
              className="cap-custom-select-select-item"
              onClick={[Function]}
              type="h6"
            >
              Buckle
            </ForwardRef>
            <ForwardRef
              className="cap-custom-select-select-item"
              onClick={[Function]}
              type="h6"
            >
              Ski
            </ForwardRef>
            <ForwardRef
              className="cap-custom-select-select-item"
              onClick={[Function]}
              type="h6"
            >
              Splash
            </ForwardRef>
            <ForwardRef
              className="cap-custom-select-select-item"
              onClick={[Function]}
              type="h6"
            >
              Metro
            </ForwardRef>
          </div>
        </React.Fragment>,
        "getPopupContainer": [Function],
        "mouseEnterDelay": 0.1,
        "mouseLeaveDelay": 0.1,
        "onVisibleChange": [Function],
        "overlayClassName": "cap-custom-select-popover",
        "overlayStyle": Object {
          "width": "100%",
        },
        "placement": "bottomLeft",
        "transitionName": "zoom-big",
        "trigger": "click",
        "visible": false,
      },
      "ref": null,
      "rendered": Object {
        "instance": null,
        "key": undefined,
        "nodeType": "host",
        "props": Object {
          "children": Array [
            <div
              className="cap-custom-select-selected-value"
            >
              <ForwardRef
                title=""
                type="h5"
              >
                Select organizations
              </ForwardRef>
            </div>,
            <CapIcon
              className="cap-custom-select-arrow"
              type="chevron-down"
            />,
          ],
          "className": "cap-custom-select-selection",
          "style": Object {
            "width": "250px",
          },
        },
        "ref": [Function],
        "rendered": Array [
          Object {
            "instance": null,
            "key": undefined,
            "nodeType": "host",
            "props": Object {
              "children": <ForwardRef
                title=""
                type="h5"
              >
                Select organizations
              </ForwardRef>,
              "className": "cap-custom-select-selected-value",
            },
            "ref": null,
            "rendered": Object {
              "instance": null,
              "key": undefined,
              "nodeType": "function",
              "props": Object {
                "children": "Select organizations",
                "title": "",
                "type": "h5",
              },
              "ref": null,
              "rendered": "Select organizations",
              "type": Object {
                "$$typeof": Symbol(react.forward_ref),
                "CapHeadingSpan": Object {
                  "$$typeof": Symbol(react.forward_ref),
                  "attrs": Array [],
                  "componentStyle": ComponentStyle {
                    "componentId": "sc-bwzfXH",
                    "isStatic": false,
                    "rules": Array [
                      "
font-size: ",
                      [Function],
                      ";
font-weight: ",
                      [Function],
                      ";
color: ",
                      [Function],
                      ";
",
                    ],
                  },
                  "displayName": "styled.span",
                  "foldedComponentIds": Array [],
                  "render": [Function],
                  "styledComponentId": "sc-bwzfXH",
                  "target": "span",
                  "toString": [Function],
                  "warnTooManyClasses": [Function],
                  "withComponent": [Function],
                },
                "attrs": Array [],
                "componentStyle": ComponentStyle {
                  "componentId": "sc-VigVT",
                  "isStatic": false,
                  "rules": Array [
                    "
    font-size: ",
                    [Function],
                    ";
    font-weight: ",
                    [Function],
                    ";
    color: ",
                    [Function],
                    ";
    line-height: ",
                    [Function],
                    ";
    ",
                    "
    overflow: hidden;
    text-overflow: ellipsis;
    white-space: nowrap;
",
                  ],
                },
                "defaultProps": Object {
                  "type": "h5",
                },
                "displayName": "Styled(styled.div)",
                "foldedComponentIds": Array [
                  "sc-bdVaJa",
                ],
                "propTypes": Object {
                  "children": [Function],
                  "type": [Function],
                },
                "render": [Function],
                "styledComponentId": "sc-VigVT",
                "target": "div",
                "toString": [Function],
                "warnTooManyClasses": [Function],
                "withComponent": [Function],
              },
            },
            "type": "div",
          },
          Object {
            "instance": null,
            "key": undefined,
            "nodeType": "function",
            "props": Object {
              "className": "cap-custom-select-arrow",
              "type": "chevron-down",
            },
            "ref": null,
            "rendered": null,
            "type": [Function],
          },
        ],
        "type": "div",
      },
      "type": [Function],
    },
  ],
  Symbol(enzyme.__options__): Object {
    "adapter": ReactSixteenAdapter {
      "options": Object {
        "enableComponentDidUpdateOnSetState": true,
        "legacyContextMode": "parent",
        "lifecycles": Object {
          "componentDidUpdate": Object {
            "onSetState": true,
          },
          "getChildContext": Object {
            "calledByRenderer": false,
          },
          "getDerivedStateFromProps": true,
          "getSnapshotBeforeUpdate": true,
          "setState": Object {
            "skipsComponentDidUpdateOnNullish": true,
          },
        },
      },
    },
  },
  Symbol(enzyme.__childContext__): null,
}
`;
