// Jest Snapshot v1, https://goo.gl/fbAQLP

exports[`<CapCheckbox /> CapCheckbox renders correctly 1`] = `
<div
  className="cap-checkbox"
>
  <label
    className="ant-checkbox-wrapper"
  >
    <span
      className="ant-checkbox"
      style={Object {}}
    >
      <input
        checked={false}
        className="ant-checkbox-input"
        onBlur={[Function]}
        onChange={[Function]}
        onFocus={[Function]}
        type="checkbox"
      />
      <span
        className="ant-checkbox-inner"
      />
    </span>
  </label>
</div>
`;
