// Jest Snapshot v1, https://goo.gl/fbAQLP

exports[`<CapLabel /> CapLabel renders correctly 1`] = `
<div
  className="sc-bdVaJa fZdJKj"
  type="label1"
/>
`;
