// Jest Snapshot v1, https://goo.gl/fbAQLP

exports[`<CapColumn /> CapColumn renders correctly 1`] = `
<div
  className="cap-column-v2"
/>
`;
