// Jest Snapshot v1, https://goo.gl/fbAQLP

exports[`<CapRadioGroup /> CapRadioGroup renders correctly 1`] = `
<div
  className="ant-radio-group ant-radio-group-outline cap-radio-group"
/>
`;
