// Jest Snapshot v1, https://goo.gl/fbAQLP

exports[`<CapHeading /> CapHeading renders correctly 1`] = `
<div
  className="sc-bdVaJa btlsTd"
  type="h5"
/>
`;
