// Jest Snapshot v1, https://goo.gl/fbAQLP

exports[`<CapCustomCard /> CapCustomCard renders correctly 1`] = `
<div
  className="ant-card cap-custom-card sms ant-card-bordered"
>
  <div
    className="ant-card-body"
    style={Object {}}
  >
    <div
      className="ant-card-meta"
    />
  </div>
</div>
`;
